I'm sorry, but errors were detected in your script. Please correct the
errors listed below, and try again.


File "game/scripts/map/locations/flower_camp.rpy", line 729: if statement expects a non-empty block.
    if len(sarah_flower_levels) == flowers_sarah_level:
                                                       ^

Ren'Py Version: Ren'Py 8.0.3.22090809
Sun Apr  2 02:14:30 2023
